// Jest Snapshot v1, https://goo.gl/fbAQLP

exports[`App component renders App 1`] = `
<DocumentFragment>
  <div>
    <a
      href="/"
    >
      Avatar Characters Home
    </a>
    <h1>
      Loading...
    </h1>
  </div>
</DocumentFragment>
`;
